#-----------------------------------------------------------
# Vivado v2020.2 (64-bit)
# SW Build 3064766 on Wed Nov 18 09:12:45 MST 2020
# IP Build 3064653 on Wed Nov 18 14:17:31 MST 2020
# Start of session at: Thu Apr 15 19:21:02 2021
# Process ID: 6512
# Current directory: D:/project/xxxx/my_subsystem_2/New_NIC1_use_3_ports
# Command line: vivado.exe -gui_launcher_event rodinguilauncherevent2820 D:\project\xxxx\my_subsystem_2\New_NIC1_use_3_ports\xxv_ethernet_0_ex.xpr
# Log file: D:/project/xxxx/my_subsystem_2/New_NIC1_use_3_ports/vivado.log
# Journal file: D:/project/xxxx/my_subsystem_2/New_NIC1_use_3_ports\vivado.jou
#-----------------------------------------------------------
start_gui
open_project D:/project/xxxx/my_subsystem_2/New_NIC1_use_3_ports/xxv_ethernet_0_ex.xpr
update_compile_order -fileset sources_1
launch_simulation
source sim_first.tcl
relaunch_sim
run all
reset_run synth_1_copy_2
launch_runs impl_3 -to_step write_bitstream -jobs 4
wait_on_run impl_3
relaunch_sim
run all
relaunch_sim
run all
relaunch_sim
run all
relaunch_sim
